nohup: CONDA_SUBDIR=osx-64: No such file or directory
The flag 'directory' used in rule plot_taxa_barplot is only valid for outputs, not inputs.
Assuming unrestricted shared filesystem usage.
host: Cheekins-MacBook-Pro.local
Building DAG of jobs...
IncompleteFilesException:
The files below seem to be incomplete. If you are sure that certain files are not incomplete, mark them as complete with

    snakemake --cleanup-metadata <filenames>

To re-generate the files rerun your command with the --rerun-incomplete flag.
Incomplete files:
/Users/CLHM/Documents/Core-Lab-of-Human-Microbiome-TMU/work/shen0105/qiime2_artifacts/table-dada2.qzv
/Users/CLHM/Documents/Core-Lab-of-Human-Microbiome-TMU/work/shen0105/qiime2_artifacts/rep-seqs-dada2.qzv
DEBUG: SNAKEFILE_DIR = /Users/CLHM/Documents/Core-Lab-of-Human-Microbiome-TMU/main
DEBUG: REPO_ROOT = /Users/CLHM/Documents/Core-Lab-of-Human-Microbiome-TMU
Checking grouping column sanitation...
Grouping hierarchy is consistent: [('Group', None)]
==================================================
DEBUG: Config loaded successfully
DEBUG: sequence_type = 'NGS'
DEBUG: reference_db = ['Greengenes2']
DEBUG: study_name = 'shen0105'
DEBUG: About to include: rules/NGS.smk
==================================================
DEBUG: Expected metadata path = /Users/CLHM/Documents/Core-Lab-of-Human-Microbiome-TMU/work/shen0105/metadata.tsv
DEBUG: metadata.tsv exists? True
DEBUG: Read in .tsv from absolute path: /Users/CLHM/Documents/Core-Lab-of-Human-Microbiome-TMU/work/shen0105/metadata.tsv
LEFSE_COLORS = ['#808080', '#808080', '#808080', '#808080']
